938f2698235a9ff1d1d91e23381b68bec7bed102
OK
39456324428484
